<html>
<body>
<pre>
<h1>µVision Build Log</h1>
<h2>Tool Versions:</h2>
IDE-Version: ¶ÃVision V5.14.0.0
Copyright (C) 2015 ARM Ltd and ARM Germany GmbH. All rights reserved.
License Information: ly ly, ly, LIC=GE7BS-LC32B-KTJ3H-WIAD7-MR373-T0XMP
 
Tool Versions:
Toolchain:       MDK-ARM Professional  Version: 5.14.0.0
Toolchain Path:  C:\daily\Appliation\Work\MDK\app\ARM\ARMCC\Bin
C Compiler:      Armcc.exe V5.05 update 1 (build 106)
Assembler:       Armasm.exe V5.05 update 1 (build 106)
Linker/Locator:  ArmLink.exe V5.05 update 1 (build 106)
Library Manager: ArmAr.exe V5.05 update 1 (build 106)
Hex Converter:   FromElf.exe V5.05 update 1 (build 106)
CPU DLL:         SARMCM3.DLL V5.14.0.0
Dialog DLL:      DARMCM1.DLL V1.12.0.0
Target DLL:      Segger\JL2CM3.dll V2.99.13.0
Dialog DLL:      TARMCM1.DLL V1.9.0.0
 
<h2>Project:</h2>
C:\Users\lingyong\Desktop\SM1029÷˙√ﬂ’ÌV1.1\SM1029 -IAP\SM1029-T01-00001.uvprojx
Project File Date:  02/25/2022

<h2>Output:</h2>
Rebuild target 'SM1029-Prj'
compiling system_stm32f0xx.c...
assembling startup_stm32f030.s...
compiling main.c...
compiling stm32f0xx_it.c...
compiling bord_conf.c...
compiling SPI.c...
compiling w25qxx.c...
compiling stm32f0xx_gpio.c...
compiling stm32f0xx_adc.c...
compiling stm32f0xx_can.c...
compiling stm32f0xx_cec.c...
compiling stm32f0xx_comp.c...
compiling stm32f0xx_crc.c...
compiling stm32f0xx_crs.c...
compiling stm32f0xx_dbgmcu.c...
compiling stm32f0xx_dma.c...
compiling stm32f0xx_exti.c...
compiling stm32f0xx_flash.c...
compiling stm32f0xx_i2c.c...
compiling stm32f0xx_iwdg.c...
compiling stm32f0xx_misc.c...
compiling stm32f0xx_pwr.c...
compiling stm32f0xx_rcc.c...
compiling stm32f0xx_rtc.c...
compiling stm32f0xx_spi.c...
compiling stm32f0xx_syscfg.c...
compiling stm32f0xx_tim.c...
compiling stm32f0xx_usart.c...
compiling stm32f0xx_wwdg.c...
linking...
Program Size: Code=2524 RO-data=212 RW-data=12 ZI-data=3084  
FromELF: creating hex file...
After Build - User command #1: C:\daily\Appliation\Work\MDK\app\ARM\ARMCC\bin\fromelf.exe --bin -o "C:\Users\lingyong\Desktop\SM1029÷˙√ﬂ’ÌV1.1\SM1029 -IAP\Objects\SM1029-T01-00001.bin" "C:\Users\lingyong\Desktop\SM1029÷˙√ﬂ’ÌV1.1\SM1029 -IAP\Objects\SM1029-T01-00001.axf"
Fatal error: Q3900U: Unrecognized option '-IAP\Objects\SM1029-T01-00001.bin'.
Finished: 0 information, 0 warning, 0 error and 1 fatal error messages.
".\Objects\SM1029-T01-00001.axf" - 0 Error(s), 0 Warning(s).

<h2>Collection of Component include folders:</h2>
  C:\Users\lingyong\Desktop\SM1029÷˙√ﬂ’ÌV1.1\SM1029 -IAP\RTE
  C:\daily\Appliation\Work\MDK\app\ARM\PACK\Keil\STM32F0xx_DFP\2.1.0

<h2>Collection of Component Files used:</h2>
</pre>
</body>
</html>
